[colab] Parsing notebook '/home/kurt/colab-runs/pixart-sigma-generation-pipeline-a61c09b-cece14/pixart_sigma_generation_colab_a61c09b_colab-cli-t4.ipynb'...
[colab] Executing cell 1/14 - Infrastructure: install the locked runtime into an isolated environment...
{'isolated_environment': '/content/dimer_isolated_env', 'isolated_python': '3.12.12', 'kernel_python': '3.13.15', 'locked_packages': 68, 'setup_seconds': 55}
[colab] Executing cell 2/14 - Infrastructure: route the remaining cells to the isolated environment...
Every later code cell now runs in /content/dimer_isolated_env/bin/python (pid 883).
[colab] Executing cell 3/14 - Infrastructure: record the runtime...
/content/dimer_isolated_env/lib/python3.12/site-packages/torchao/quantization/quant_api.py:1558: SyntaxWarning: invalid escape sequence '\.'
  * regex for parameter names, must start with `re:`, e.g. `re:language\.layers\..+\.q_proj.weight`.
W1008 15:10:14.065000 883 torch/utils/_pytree.py:630] <enum 'KernelPreference'> is an Enum subclass and is now natively supported by torch.compile as an opaque value type. Calling register_constant() on Enum subclasses is deprecated and will be an error in a future release.
W1008 15:10:14.223000 883 torch/utils/_pytree.py:630] <enum 'ScaleCalculationMode'> is an Enum subclass and is now natively supported by torch.compile as an opaque value type. Calling register_constant() on Enum subclasses is deprecated and will be an error in a future release.
{'notebook_source': {'repository': 'pixart-sigma-generation-pipeline', 'repository_revision': '96879f580054265be853fc8312a6f6d9ec276ceb', 'embedded_module': 'src/pixart_sigma_generation_pipeline/pipeline.py', 'embedded_modules': ['src/pixart_sigma_generation_pipeline/pipeline.py', 'src/pixart_sigma_generation_pipeline/metrics.py', 'src/pixart_sigma_generation_pipeline/samples.py'], 'module_sha256': 'd2e705053f68c4d96ebef27fa9b1f12a366acf4f32c3919e81ed5406cc540ef0', 'module_sha256_per_file': {'src/pixart_sigma_generation_pipeline/pipeline.py': 'bc4c34527afc31829cfa93c3cd098b315e12e57281141c08dae49d984c4aee40', 'src/pixart_sigma_generation_pipeline/metrics.py': '7a133f49ab09cd8fe7a88b74f93baef1b277878b3281e7853819ab5e88bfb7b0', 'src/pixart_sigma_generation_pipeline/samples.py': 'f35415f3fdee5fb6f6952a1990523f7c94b23dc56b9e7d791ce9fc5a5f1ebc5b'}, 'generator': 'build_notebook.py/2.1', 'notebook_spec': '2.2'}, 'python': '3.12.12', 'torch': '2.14.0+cu130', 'diffusers': '0.40.0', 'transformers': '5.17.0', 'peft': '0.21.0', 'cuda': True}
[colab] Executing cell 4/14 - Infrastructure: carried module `src/pixart_sigma_generation_pipeline/pipeline.py` (you may run it without reading it)...
[colab] Executing cell 5/14 - Infrastructure: carried module `src/pixart_sigma_generation_pipeline/metrics.py` (you may run it without reading it)...
[colab] Executing cell 6/14 - Infrastructure: carried module `src/pixart_sigma_generation_pipeline/samples.py` (you may run it without reading it)...
[colab] Executing cell 7/14 - Infrastructure: pin, stage and verify the model (you may run it without reading it)...
{'model_id': 'PixArt-alpha/PixArt-Sigma-XL-2-512-MS', 'revision': '76fb7eb5a9314bc1e4e479d2f13447517fca9be4', 'license': 'openrail++', 'files': 3, 'total_bytes': 2443498777}
Warning: You are sending unauthenticated requests to the HF Hub. Please set a HF_TOKEN to enable higher rate limits and faster downloads.
{'weights_dir': '/content/weights/pixart-sigma-xl-2-512-ms', 'fetched': ['README.md', 'transformer/config.json', 'transformer/diffusion_pytorch_model.safetensors']}
{'verified_files': 3, 'revision': '76fb7eb5a9314bc1e4e479d2f13447517fca9be4'}
{'weights_dir': '/content/weights/pixart-sigma-t5-vae', 'fetched': ['README.md', 'model_index.json', 'scheduler/scheduler_config.json', 'text_encoder/config.json', 'text_encoder/model.safetensors.index.json', 'text_encoder/model-00001-of-00002.safetensors', 'text_encoder/model-00002-of-00002.safetensors', 'tokenizer/special_tokens_map.json', 'tokenizer/spiece.model', 'tokenizer/tokenizer_config.json', 'vae/config.json', 'vae/diffusion_pytorch_model.safetensors']}
{'verified_files_pixart_sigma_t5_vae': 12}
{'weights_dir': '/content/weights/clip-vit-b-32-laion2b', 'fetched': ['README.md', 'config.json', 'merges.txt', 'model.safetensors', 'preprocessor_config.json', 'special_tokens_map.json', 'tokenizer.json', 'tokenizer_config.json', 'vocab.json']}
{'verified_files_clip_vit_b_32_laion2b': 9}
Unable to import `torchao` Tensor objects. This may affect loading checkpoints serialized with `torchao`
{'device': 'cuda', 'source': 'local-snapshot (three manifests verified; safetensors only)'}
[colab] Executing cell 8/14 - pixart_sigma_generation-17...
{'data_source': "iNaturalist CC0 bird photographs (six species, 10 each); iNaturalist open-data bucket, research-grade CC0 photos selected 2026-09-19 (fleet DINOv2/ViT corpus subset); CC0 1.0 (each photo's own license_code on iNaturalist; observers credited in the records)", 'splits': {'train': 36, 'validation': 12, 'test': 12}, 'captions': 6, 'disjoint': {'train': 36, 'validation': 12, 'test': 12}}
{'shorter_side': {'min': 298, 'max': 500}, 'centre_cropped': 31, 'digest': '9ca31704e68277d8...'}
{'first_test_record': {'id': 'test-000', 'size': (500, 383), 'resized_to': (668, 512), 'centre_crop': (512, 512), 'caption_chars': 80}, 'caption': 'a photo of a Song Sparrow (Melospiza melodia), a wild bird photographed outdoors'}
{'prompts': ['a photo of a Chipping Sparrow (Spizella passerina), a wild bird photographed outdoors', 'a photo of a Song Sparrow (Melospiza melodia), a wild bird photographed outdoors', 'a photo of a American Goldfinch (Spinus tristis), a wild bird photographed outdoors', 'a photo of a Dark-eyed Junco (Junco hyemalis), a wild bird photographed outdoors', 'a photo of a White-throated Sparrow (Zonotrichia albicollis), a wild bird photographed outdoors', 'a photo of a House Finch (Haemorhous mexicanus), a wild bird photographed outdoors']}
{'captions_csv': 'outputs/pixart_sigma_generation_sample_captions.csv'}
{'validation': 'record shape, image decodability and side limits, caption length and duplicate ids only. Nothing checks that a caption describes its image, that the images are photographs, or that the prompt is one the model can render -- any RGB image with any string is accepted'}
{'probe': 'missing caption', 'rejected': "records[0] is missing 'caption'"}
{'probe': 'image too small', 'rejected': 'records[0]: image sides must be within 256..4096 px, got (200, 200)'}
{'probe': 'duplicate id', 'rejected': "duplicate id 'train-000'"}
[colab] Executing cell 9/14 - pixart_sigma_generation-19...

Loading weights:   0%|          | 0/219 [00:00<?, ?it/s]
Loading weights:   0%|          | 1/219 [00:00<01:36,  2.25it/s]
Loading weights:   1%|▏         | 3/219 [00:00<01:05,  3.28it/s]
Loading weights:   3%|▎         | 7/219 [00:02<01:09,  3.04it/s]
Loading weights:   4%|▍         | 9/219 [00:02<01:08,  3.07it/s]
Loading weights:   5%|▌         | 11/219 [00:03<01:05,  3.20it/s]
Loading weights:   6%|▌         | 13/219 [00:04<01:01,  3.37it/s]
Loading weights:   7%|▋         | 16/219 [00:05<01:12,  2.81it/s]
Loading weights:   8%|▊         | 18/219 [00:06<01:09,  2.89it/s]
Loading weights:   9%|▉         | 20/219 [00:06<01:04,  3.07it/s]
Loading weights:  10%|█         | 22/219 [00:07<01:00,  3.26it/s]
Loading weights:  11%|█▏        | 25/219 [00:08<01:10,  2.76it/s]
Loading weights:  12%|█▏        | 27/219 [00:09<01:07,  2.84it/s]
Loading weights:  13%|█▎        | 29/219 [00:09<01:02,  3.03it/s]
Loading weights:  14%|█▍        | 31/219 [00:10<00:58,  3.21it/s]
Loading weights:  16%|█▌        | 34/219 [00:11<01:07,  2.75it/s]
Loading weights:  16%|█▋        | 36/219 [00:12<01:04,  2.83it/s]
Loading weights:  17%|█▋        | 38/219 [00:12<01:00,  3.01it/s]
Loading weights:  18%|█▊        | 40/219 [00:13<00:55,  3.22it/s]
Loading weights:  20%|█▉        | 43/219 [00:14<01:04,  2.75it/s]
Loading weights:  21%|██        | 45/219 [00:15<01:01,  2.83it/s]
Loading weights:  21%|██▏       | 47/219 [00:15<00:57,  2.99it/s]
Loading weights:  22%|██▏       | 49/219 [00:16<00:52,  3.21it/s]
Loading weights:  24%|██▎       | 52/219 [00:17<01:01,  2.73it/s]
Loading weights:  25%|██▍       | 54/219 [00:18<00:58,  2.84it/s]
Loading weights:  26%|██▌       | 56/219 [00:18<00:53,  3.04it/s]
Loading weights:  26%|██▋       | 58/219 [00:19<00:49,  3.22it/s]
Loading weights:  28%|██▊       | 61/219 [00:20<00:57,  2.75it/s]
Loading weights:  29%|██▉       | 63/219 [00:21<00:55,  2.83it/s]
Loading weights:  30%|██▉       | 65/219 [00:21<00:50,  3.03it/s]
Loading weights:  31%|███       | 67/219 [00:22<00:47,  3.21it/s]
Loading weights:  32%|███▏      | 70/219 [00:23<00:54,  2.74it/s]
Loading weights:  33%|███▎      | 72/219 [00:24<00:51,  2.83it/s]
Loading weights:  34%|███▍      | 74/219 [00:24<00:47,  3.03it/s]
Loading weights:  35%|███▍      | 76/219 [00:25<00:44,  3.21it/s]
Loading weights:  36%|███▌      | 79/219 [00:26<00:50,  2.75it/s]
Loading weights:  37%|███▋      | 81/219 [00:27<00:48,  2.83it/s]
Loading weights:  38%|███▊      | 83/219 [00:28<00:45,  2.99it/s]
Loading weights:  39%|███▉      | 85/219 [00:28<00:42,  3.18it/s]
Loading weights:  40%|████      | 88/219 [00:29<00:48,  2.69it/s]
Loading weights:  41%|████      | 90/219 [00:30<00:46,  2.80it/s]
Loading weights:  42%|████▏     | 92/219 [00:31<00:41,  3.04it/s]
Loading weights:  43%|████▎     | 94/219 [00:31<00:38,  3.22it/s]
Loading weights:  44%|████▍     | 97/219 [00:33<00:44,  2.74it/s]
Loading weights:  45%|████▌     | 99/219 [00:33<00:42,  2.83it/s]
Loading weights:  46%|████▌     | 101/219 [00:34<00:39,  3.01it/s]
Loading weights:  47%|████▋     | 103/219 [00:34<00:36,  3.22it/s]
Loading weights:  48%|████▊     | 106/219 [00:36<00:41,  2.75it/s]
Loading weights:  49%|████▉     | 108/219 [00:36<00:39,  2.84it/s]
Loading weights:  50%|█████     | 110/219 [00:37<00:36,  3.03it/s]
Loading weights:  51%|█████     | 112/219 [00:37<00:33,  3.21it/s]
Loading weights:  53%|█████▎    | 115/219 [00:39<00:37,  2.74it/s]
Loading weights:  53%|█████▎    | 117/219 [00:39<00:36,  2.83it/s]
Loading weights:  54%|█████▍    | 119/219 [00:40<00:33,  3.02it/s]
Loading weights:  55%|█████▌    | 121/219 [00:40<00:30,  3.20it/s]
Loading weights:  57%|█████▋    | 124/219 [00:42<00:34,  2.72it/s]
Loading weights:  58%|█████▊    | 126/219 [00:42<00:32,  2.84it/s]
Loading weights:  58%|█████▊    | 128/219 [00:43<00:30,  3.03it/s]
Loading weights:  59%|█████▉    | 130/219 [00:43<00:27,  3.22it/s]
Loading weights:  61%|██████    | 133/219 [00:45<00:31,  2.75it/s]
Loading weights:  62%|██████▏   | 135/219 [00:45<00:29,  2.83it/s]
Loading weights:  63%|██████▎   | 137/219 [00:46<00:27,  3.03it/s]
Loading weights:  63%|██████▎   | 139/219 [00:47<00:24,  3.21it/s]
Loading weights:  65%|██████▍   | 142/219 [00:48<00:28,  2.74it/s]
Loading weights:  66%|██████▌   | 144/219 [00:49<00:26,  2.84it/s]
Loading weights:  67%|██████▋   | 146/219 [00:49<00:24,  3.03it/s]
Loading weights:  68%|██████▊   | 148/219 [00:50<00:22,  3.21it/s]
Loading weights:  69%|██████▉   | 151/219 [00:51<00:24,  2.74it/s]
Loading weights:  70%|██████▉   | 153/219 [00:52<00:23,  2.83it/s]
Loading weights:  71%|███████   | 155/219 [00:52<00:21,  3.01it/s]
Loading weights:  72%|███████▏  | 157/219 [00:53<00:19,  3.22it/s]
Loading weights:  73%|███████▎  | 160/219 [00:54<00:21,  2.73it/s]
Loading weights:  74%|███████▍  | 162/219 [00:55<00:20,  2.84it/s]
Loading weights:  75%|███████▍  | 164/219 [00:55<00:18,  3.02it/s]
Loading weights:  76%|███████▌  | 166/219 [00:56<00:16,  3.18it/s]
Loading weights:  77%|███████▋  | 169/219 [00:57<00:18,  2.77it/s]
Loading weights:  78%|███████▊  | 171/219 [00:58<00:16,  2.84it/s]
Loading weights:  79%|███████▉  | 173/219 [00:58<00:15,  3.03it/s]
Loading weights:  80%|███████▉  | 175/219 [00:59<00:13,  3.21it/s]
Loading weights:  81%|████████▏ | 178/219 [01:00<00:14,  2.75it/s]
Loading weights:  82%|████████▏ | 180/219 [01:01<00:13,  2.83it/s]
Loading weights:  83%|████████▎ | 182/219 [01:01<00:12,  3.03it/s]
Loading weights:  84%|████████▍ | 184/219 [01:02<00:10,  3.20it/s]
Loading weights:  85%|████████▌ | 187/219 [01:03<00:11,  2.74it/s]
Loading weights:  86%|████████▋ | 189/219 [01:04<00:10,  2.83it/s]
Loading weights:  87%|████████▋ | 191/219 [01:04<00:09,  3.02it/s]
Loading weights:  88%|████████▊ | 193/219 [01:05<00:08,  3.20it/s]
Loading weights:  89%|████████▉ | 196/219 [01:06<00:08,  2.73it/s]
Loading weights:  90%|█████████ | 198/219 [01:07<00:07,  2.84it/s]
Loading weights:  91%|█████████▏| 200/219 [01:07<00:06,  3.02it/s]
Loading weights:  92%|█████████▏| 202/219 [01:08<00:05,  3.15it/s]
Loading weights:  94%|█████████▎| 205/219 [01:09<00:05,  2.76it/s]
Loading weights:  95%|█████████▍| 207/219 [01:10<00:04,  2.84it/s]
Loading weights:  95%|█████████▌| 209/219 [01:11<00:03,  3.02it/s]
Loading weights:  96%|█████████▋| 211/219 [01:11<00:02,  3.21it/s]
Loading weights:  98%|█████████▊| 214/219 [01:12<00:01,  2.75it/s]
Loading weights:  99%|█████████▊| 216/219 [01:13<00:01,  2.84it/s]
Loading weights: 100%|██████████| 219/219 [01:15<00:00,  2.06it/s]
Loading weights: 100%|██████████| 219/219 [01:15<00:00,  2.89it/s]
{'encoded': 8, 'cached': 8, 'encoder_device': 'cuda', 'encoder_dtype': 'float16', 'load_seconds': 76.0, 'encode_seconds': 4.0, 'truncated': [], 'gpu_memory_gb_with_encoder': 13.13}
{'text_encoder_released': True, 'gpu_memory_gb_after_release': 1.59, 'device': 'cuda', 'precision': 'float16'}
[colab] Executing cell 10/14 - pixart_sigma_generation-21...

Loading weights:   0%|          | 0/398 [00:00<?, ?it/s]
Loading weights: 100%|██████████| 398/398 [00:00<00:00, 4856.83it/s]
{'frozen_denoising_mse': {'validation': 0.109093, 'test': 0.105983}, 'by_timestep_test': {'100': 0.358295, '300': 0.141291, '500': 0.027073, '700': 0.003065, '900': 0.000189}, 'adapted': False, 'seconds': 20.9}
{'generated': 12, 'steps': 20, 'guidance_scale': 4.5, 'seconds': 68.04, 'adapted': False}
{'frozen_generations': {'clip_prompt_similarity': 26.785, 'label_accuracy': 0.5, 'reference_similarity': 65.57}, 'chance_label_accuracy': 0.167}
{'real_photo_reference_leave_one_out': {'clip_prompt_similarity': 30.25, 'label_accuracy': 0.9167, 'reference_similarity': 57.722}, 'photos_without_a_reference': 0}
{'prompt': 'a photo of a Chipping Sparrow (Spizella pa', 'clip': 28.361, 'nearest': 'Chipping Sparrow (Spizella ', 'correct': True, 'reference_similarity': 65.569}
{'prompt': 'a photo of a Song Sparrow (Melospiza melod', 'clip': 21.786, 'nearest': 'Chipping Sparrow (Spizella ', 'correct': False, 'reference_similarity': 66.566}
{'prompt': 'a photo of a American Goldfinch (Spinus tr', 'clip': 31.582, 'nearest': 'American Goldfinch (Spinus ', 'correct': True, 'reference_similarity': 80.327}
{'prompt': 'a photo of a Dark-eyed Junco (Junco hyemal', 'clip': 30.898, 'nearest': 'Dark-eyed Junco (Junco hyem', 'correct': True, 'reference_similarity': 62.115}
{'prompt': 'a photo of a White-throated Sparrow (Zonot', 'clip': 24.824, 'nearest': 'Chipping Sparrow (Spizella ', 'correct': False, 'reference_similarity': 63.521}
{'prompt': 'a photo of a House Finch (Haemorhous mexic', 'clip': 18.415, 'nearest': 'American Goldfinch (Spinus ', 'correct': False, 'reference_similarity': 48.166}
{'grid': 'outputs/pixart_sigma_generation_frozen_grid.jpg', 'order': 'generation prompts in the order printed above, IMAGES_PER_PROMPT images each', 'gpu_memory_gb': 2.2}
<PIL.JpegImagePlugin.JpegImageFile image mode=RGB size=1536x512 at 
0x79A2152DCE60>

[Image saved to: /tmp/tmpm7vpjr5n.png]
[colab] Executing cell 11/14 - pixart_sigma_generation-23...
{'epoch': 0, 'train_loss': None, 'val_denoising_mse': 0.109093, 'note': 'frozen model (LoRA at initialisation: B = 0)'}
{'epoch': 1, 'train_loss': 0.1151, 'val_denoising_mse': 0.108991}
{'epoch': 2, 'train_loss': 0.1614, 'val_denoising_mse': 0.108946}
{'epoch': 3, 'train_loss': 0.0699, 'val_denoising_mse': 0.108929}
{'epoch': 4, 'train_loss': 0.0847, 'val_denoising_mse': 0.108927}
{'trainable_parameters': 4128768, 'total_parameters': 614984864, 'steps': 144, 'best_epoch': 4, 'precision': 'float16 autocast + GradScaler', 'seconds': 119.9, 'gpu_memory_gb': 2.22}
[colab] Executing cell 12/14 - pixart_sigma_generation-25...
{'denoising_mse_validation': {'frozen': 0.109093, 'adapted': 0.108927}}
{'denoising_mse_test': {'frozen': 0.105983, 'adapted': 0.105811}}
{'denoising_mse_test_by_timestep': {'100': {'frozen': 0.358295, 'adapted': 0.357977}, '300': {'frozen': 0.141291, 'adapted': 0.14102}, '500': {'frozen': 0.027073, 'adapted': 0.026874}, '700': {'frozen': 0.003065, 'adapted': 0.003019}, '900': {'frozen': 0.000189, 'adapted': 0.000167}}}
{'clip_prompt_similarity': {'frozen': 26.785, 'adapted': 28.398, 'real_photo_reference': 30.25}}
{'label_accuracy': {'frozen': 0.5, 'adapted': 0.5833, 'real_photo_reference': 0.9167}}
{'reference_similarity': {'frozen': 65.57, 'adapted': 69.274, 'real_photo_reference': 57.722}}
{'real_photo_reference': 'leave-one-out real-photo reference', 'reading': {'clip_prompt_similarity': 'not an upper bound: a generator conditioned on the prompt can match it more closely than a photograph does', 'label_accuracy': 'a reference: real photographs of these species are what the captions describe', 'reference_similarity': 'not an upper bound: each real photo is compared with the other held-out photos of its caption (itself excluded), the generations with all of them, so the two are not on identical terms'}}
{'prompt': 'a photo of a Chipping Sparrow (Spizella pa', 'reference_similarity': {'frozen': 65.569, 'adapted': 68.54}, 'correct': {'frozen': True, 'adapted': True}}
{'prompt': 'a photo of a Song Sparrow (Melospiza melod', 'reference_similarity': {'frozen': 66.566, 'adapted': 72.209}, 'correct': {'frozen': False, 'adapted': False}}
{'prompt': 'a photo of a American Goldfinch (Spinus tr', 'reference_similarity': {'frozen': 80.327, 'adapted': 74.816}, 'correct': {'frozen': True, 'adapted': True}}
{'prompt': 'a photo of a Dark-eyed Junco (Junco hyemal', 'reference_similarity': {'frozen': 62.115, 'adapted': 61.674}, 'correct': {'frozen': True, 'adapted': True}}
{'prompt': 'a photo of a White-throated Sparrow (Zonot', 'reference_similarity': {'frozen': 63.521, 'adapted': 73.773}, 'correct': {'frozen': False, 'adapted': False}}
{'prompt': 'a photo of a House Finch (Haemorhous mexic', 'reference_similarity': {'frozen': 48.166, 'adapted': 55.813}, 'correct': {'frozen': False, 'adapted': False}}
{'grid': 'outputs/pixart_sigma_generation_adapted_grid.jpg', 'side_by_side': 'outputs/pixart_sigma_generation_frozen_vs_adapted.jpg', 'rows': 'top: frozen, bottom: adapted; same prompt and seed in each column'}
<PIL.JpegImagePlugin.JpegImageFile image mode=RGB size=3072x512 at 
0x79A2152DCC50>

[Image saved to: /tmp/tmp2bwk9459.png]
{'test_denoising_mse_change': -0.000172, 'note': 'held-out observation, not asserted'}
{'report': 'outputs/pixart_sigma_generation_evaluation_report.json'}
[colab] Executing cell 13/14 - pixart_sigma_generation-27...
{'new_prompt': 'a photo of a House Finch (Haemorhous mexicanus) perched on a snow-covered branch in winter', 'clip_prompt_similarity': 26.982, 'seconds': 12.27, 'note': 'sanity check, not an evaluation'}
<PIL.JpegImagePlugin.JpegImageFile image mode=RGB size=512x256 at 
0x79A21555CEC0>

[Image saved to: /tmp/tmpdhyuc5o2.png]
{'artifact': 'outputs/pixart_sigma_generation_adapter', 'format': 'org.valcorza.pixart-sigma-generation.adapter.v1', 'tensors': 448, 'bytes': 16570800, 'sha256': '6896b92cbbefaaf7...'}
{'reload_parity': {'denoising_mse_diff': 0.0, 'mean_abs_pixel_diff': 0.0}, 'reloaded_best_epoch': 4, 'gpu_memory_gb_with_reloaded': 3.8}
{'reloaded_pipeline_released': True, 'gpu_memory_gb': 2.22}
outputs/:
  - outputs/pixart_sigma_generation_adapted_grid.jpg (74.3 KB)
  - outputs/pixart_sigma_generation_adapter/adapter.safetensors (16182.4 KB)
  - outputs/pixart_sigma_generation_adapter/manifest.json (29.5 KB)
  - outputs/pixart_sigma_generation_evaluation_report.json (23.5 KB)
  - outputs/pixart_sigma_generation_frozen_grid.jpg (95.3 KB)
  - outputs/pixart_sigma_generation_frozen_vs_adapted.jpg (169.1 KB)
  - outputs/pixart_sigma_generation_new_prompt_0.png (296.7 KB)
  - outputs/pixart_sigma_generation_new_prompt_1.png (300.1 KB)
  - outputs/pixart_sigma_generation_new_prompt_grid.jpg (19.6 KB)
  - outputs/pixart_sigma_generation_result.json (4.8 KB)
  - outputs/pixart_sigma_generation_sample_captions.csv (2.3 KB)
[colab] Executing cell 14/14 - pixart_sigma_generation-29...
Activity not run: set RUN_ACTIVITY = True and run this cell. It writes only under outputs/activity/ and changes no earlier result.
[colab] Saving notebook with outputs to '/home/kurt/colab-runs/pixart-sigma-generation-pipeline-a61c09b-cece14/pixart_sigma_generation_colab_a61c09b_colab-cli-t4_output.ipynb'...
